M[0x00000800] -> 0x00000000
M[0x00000804] -> 0x00000000
M[0x00000808] -> 0x00000000
M[0x0000080c] -> 0x00000000
M[0x00000810] -> 0x00000000
M[0x00000814] -> 0x00000000
M[0x00000818] -> 0x00000000
M[0x0000081c] -> 0x00000000
M[0x00000820] -> 0x00000000
M[0x00000824] -> 0x00000000
M[0x00000828] -> 0x00000000
M[0x0000082c] -> 0x00000000
M[0x00000830] -> 0x00000000
M[0x00000834] -> 0x00000000
M[0x00000838] -> 0x00000000
M[0x0000083c] -> 0x00000000
M[0x00000840] -> 0x00000000
M[0x00000844] -> 0x00000000
M[0x00000848] -> 0x00000000
M[0x0000084c] -> 0x00000000
M[0x00000850] -> 0x00000000
M[0x00000854] -> 0x00000000
M[0x00000858] -> 0x00000000
M[0x0000085c] -> 0x00000000
M[0x00000860] -> 0x00000000
M[0x00000864] -> 0x00000000
M[0x00000868] -> 0x00000000
M[0x0000086c] -> 0x00000000
M[0x00000870] -> 0x00000000
M[0x00000874] -> 0x00000000
M[0x00000878] -> 0x00000000
M[0x0000087c] -> 0x00000000
M[0x00000880] -> 0x00000000
M[0x00000884] -> 0x00000000
M[0x00000888] -> 0x00000000
M[0x0000088c] -> 0x00000000
M[0x00000890] -> 0x00000000
M[0x00000894] -> 0x00000000
M[0x00000898] -> 0x00000000
M[0x0000089c] -> 0x00000000
M[0x000008a0] -> 0x00000000
M[0x000008a4] -> 0x00000000
M[0x000008a8] -> 0x00000000
M[0x000008ac] -> 0x00000000
M[0x000008b0] -> 0x00000000
M[0x000008b4] -> 0x00000000
M[0x000008b8] -> 0x00000000
M[0x000008bc] -> 0x00000000
M[0x000008c0] -> 0x00000000
M[0x000008c4] -> 0x00000000
M[0x000008c8] -> 0x00000000
M[0x000008cc] -> 0x00000000
M[0x000008d0] -> 0x00000000
M[0x000008d4] -> 0x00000000
M[0x000008d8] -> 0x00000000
M[0x000008dc] -> 0x00000000
M[0x000008e0] -> 0x00000000
M[0x000008e4] -> 0x00000000
M[0x000008e8] -> 0x00000000
M[0x000008ec] -> 0x00000000
M[0x000008f0] -> 0x00000000
M[0x000008f4] -> 0x00000000
M[0x000008f8] -> 0x00000000
M[0x000008fc] -> 0x00000000
M[0x00000900] -> 0x00000000
M[0x00000904] -> 0x00000000
M[0x00000908] -> 0x00000000
M[0x0000090c] -> 0x00000000
M[0x00000910] -> 0x00000000
M[0x00000914] -> 0x00000000
M[0x00000918] -> 0x00000000
M[0x0000091c] -> 0x00000000
M[0x00000920] -> 0x00000000
M[0x00000924] -> 0x00000000
M[0x00000928] -> 0x00000000
M[0x0000092c] -> 0x00000000
M[0x00000930] -> 0x00000000
M[0x00000934] -> 0x00000000
M[0x00000938] -> 0x00000000
M[0x0000093c] -> 0x00000000
M[0x00000940] -> 0x00000000
M[0x00000944] -> 0x00000000
M[0x00000948] -> 0x00000000
M[0x0000094c] -> 0x00000000
M[0x00000950] -> 0x00000000
M[0x00000954] -> 0x00000000
M[0x00000958] -> 0x00000000
M[0x0000095c] -> 0x00000000
M[0x00000960] -> 0x00000000
M[0x00000964] -> 0x00000000
M[0x00000968] -> 0x00000000
M[0x0000096c] -> 0x00000000
M[0x00000970] -> 0x00000000
M[0x00000974] -> 0x00000000
M[0x00000978] -> 0x00000000
M[0x0000097c] -> 0x00000000
M[0x00000980] -> 0x00000000
M[0x00000984] -> 0x00000000
M[0x00000988] -> 0x00000000
M[0x0000098c] -> 0x00000000
M[0x00000990] -> 0x00000000
M[0x00000994] -> 0x00000000
M[0x00000998] -> 0x00000000
M[0x0000099c] -> 0x00000000
M[0x000009a0] -> 0x00000000
M[0x000009a4] -> 0x00000000
M[0x000009a8] -> 0x00000000
M[0x000009ac] -> 0x00000000
M[0x000009b0] -> 0x00000000
M[0x000009b4] -> 0x00000000
M[0x000009b8] -> 0x00000000
M[0x000009bc] -> 0x00000000
M[0x000009c0] -> 0x00000000
M[0x000009c4] -> 0x00000000
M[0x000009c8] -> 0x00000000
M[0x000009cc] -> 0x00000000
M[0x000009d0] -> 0x00000000
M[0x000009d4] -> 0x00000000
M[0x000009d8] -> 0x00000000
M[0x000009dc] -> 0x00000000
M[0x000009e0] -> 0x00000000
M[0x000009e4] -> 0x00000000
M[0x000009e8] -> 0x00000000
M[0x000009ec] -> 0x00000000
M[0x000009f0] -> 0x00000000
M[0x000009f4] -> 0x00000000
M[0x000009f8] -> 0x00000000
M[0x000009fc] -> 0x00000000
M[0x00000a00] -> 0x00000000
M[0x00000a04] -> 0x00000000
M[0x00000a08] -> 0x00000000
M[0x00000a0c] -> 0x00000000
M[0x00000a10] -> 0x00000000
M[0x00000a14] -> 0x00000000
M[0x00000a18] -> 0x00000000
M[0x00000a1c] -> 0x00000000
M[0x00000a20] -> 0x00000000
M[0x00000a24] -> 0x00000000
M[0x00000a28] -> 0x00000000
M[0x00000a2c] -> 0x00000000
M[0x00000a30] -> 0x00000000
M[0x00000a34] -> 0x00000000
M[0x00000a38] -> 0x00000000
M[0x00000a3c] -> 0x00000000
M[0x00000a40] -> 0x00000000
M[0x00000a44] -> 0x00000000
M[0x00000a48] -> 0x00000000
M[0x00000a4c] -> 0x00000000
M[0x00000a50] -> 0x00000000
M[0x00000a54] -> 0x00000000
M[0x00000a58] -> 0x00000000
M[0x00000a5c] -> 0x00000000
M[0x00000a60] -> 0x00000000
M[0x00000a64] -> 0x00000000
M[0x00000a68] -> 0x00000000
M[0x00000a6c] -> 0x00000000
M[0x00000a70] -> 0x00000000
M[0x00000a74] -> 0x00000000
M[0x00000a78] -> 0x00000000
M[0x00000a7c] -> 0x00000000
M[0x00000a80] -> 0x00000000
M[0x00000a84] -> 0x00000000
M[0x00000a88] -> 0x00000000
M[0x00000a8c] -> 0x00000000
M[0x00000a90] -> 0x00000000
M[0x00000a94] -> 0x00000000
M[0x00000a98] -> 0x00000000
M[0x00000a9c] -> 0x00000000
M[0x00000aa0] -> 0x00000000
M[0x00000aa4] -> 0x00000000
M[0x00000aa8] -> 0x00000000
M[0x00000aac] -> 0x00000000
M[0x00000ab0] -> 0x00000000
M[0x00000ab4] -> 0x00000000
M[0x00000ab8] -> 0x00000000
M[0x00000abc] -> 0x00000000
M[0x00000ac0] -> 0x00000000
M[0x00000ac4] -> 0x00000000
M[0x00000ac8] -> 0x00000000
M[0x00000acc] -> 0x00000000
M[0x00000ad0] -> 0x00000000
M[0x00000ad4] -> 0x00000000
M[0x00000ad8] -> 0x00000000
M[0x00000adc] -> 0x00000000
M[0x00000ae0] -> 0x00000000
M[0x00000ae4] -> 0x00000000
M[0x00000ae8] -> 0x00000000
M[0x00000aec] -> 0x00000000
M[0x00000af0] -> 0x00000000
M[0x00000af4] -> 0x00000000
M[0x00000af8] -> 0x00000000
M[0x00000afc] -> 0x00000000
M[0x00000b00] -> 0x00000000
M[0x00000b04] -> 0x00000000
M[0x00000b08] -> 0x00000000
M[0x00000b0c] -> 0x00000000
M[0x00000b10] -> 0x00000000
M[0x00000b14] -> 0x00000000
M[0x00000b18] -> 0x00000000
M[0x00000b1c] -> 0x00000000
M[0x00000b20] -> 0x00000000
M[0x00000b24] -> 0x00000000
M[0x00000b28] -> 0x00000000
M[0x00000b2c] -> 0x00000000
M[0x00000b30] -> 0x00000000
M[0x00000b34] -> 0x00000000
M[0x00000b38] -> 0x00000000
M[0x00000b3c] -> 0x00000000
M[0x00000b40] -> 0x00000000
M[0x00000b44] -> 0x00000000
M[0x00000b48] -> 0x00000000
M[0x00000b4c] -> 0x00000000
M[0x00000b50] -> 0x00000000
M[0x00000b54] -> 0x00000000
M[0x00000b58] -> 0x00000000
M[0x00000b5c] -> 0x00000000
M[0x00000b60] -> 0x00000000
M[0x00000b64] -> 0x00000000
M[0x00000b68] -> 0x00000000
M[0x00000b6c] -> 0x00000000
M[0x00000b70] -> 0x00000000
M[0x00000b74] -> 0x00000000
M[0x00000b78] -> 0x00000000
M[0x00000b7c] -> 0x00000000
M[0x00000b80] -> 0x00000000
M[0x00000b84] -> 0x00000000
M[0x00000b88] -> 0x00000000
M[0x00000b8c] -> 0x00000000
M[0x00000b90] -> 0x00000000
M[0x00000b94] -> 0x00000000
M[0x00000b98] -> 0x00000000
M[0x00000b9c] -> 0x00000000
M[0x00000ba0] -> 0x00000000
M[0x00000ba4] -> 0x00000000
M[0x00000ba8] -> 0x00000000
M[0x00000bac] -> 0x00000000
M[0x00000bb0] -> 0x00000000
M[0x00000bb4] -> 0x00000000
M[0x00000bb8] -> 0x00000000
M[0x00000bbc] -> 0x00000000
M[0x00000bc0] -> 0x00000000
M[0x00000bc4] -> 0x00000000
M[0x00000bc8] -> 0x00000000
M[0x00000bcc] -> 0x00000000
M[0x00000bd0] -> 0x00000000
M[0x00000bd4] -> 0x00000000
M[0x00000bd8] -> 0x00000000
M[0x00000bdc] -> 0x00000000
M[0x00000be0] -> 0x00000000
M[0x00000be4] -> 0x00000000
M[0x00000be8] -> 0x00000000
M[0x00000bec] -> 0x00000000
M[0x00000bf0] -> 0x00000000
M[0x00000bf4] -> 0x00000000
M[0x00000bf8] -> 0x00000000
M[0x00000bfc] -> 0x00000000
M[0x00000c00] -> 0x00000000
M[0x00000c04] -> 0x00000000
M[0x00000c08] -> 0x00000000
M[0x00000c0c] -> 0x00000000
M[0x00000c10] -> 0x00000000
M[0x00000c14] -> 0x00000000
M[0x00000c18] -> 0x00000000
M[0x00000c1c] -> 0x00000000
M[0x00000c20] -> 0x00000000
M[0x00000c24] -> 0x00000000
M[0x00000c28] -> 0x00000000
M[0x00000c2c] -> 0x00000000
M[0x00000c30] -> 0x00000000
M[0x00000c34] -> 0x00000000
M[0x00000c38] -> 0x00000000
M[0x00000c3c] -> 0x00000000
M[0x00000c40] -> 0x00000000
M[0x00000c44] -> 0x00000000
M[0x00000c48] -> 0x00000000
M[0x00000c4c] -> 0x00000000
M[0x00000c50] -> 0x00000000
M[0x00000c54] -> 0x00000000
M[0x00000c58] -> 0x00000000
M[0x00000c5c] -> 0x00000000
M[0x00000c60] -> 0x00000000
M[0x00000c64] -> 0x00000000
M[0x00000c68] -> 0x00000000
M[0x00000c6c] -> 0x00000000
M[0x00000c70] -> 0x00000000
M[0x00000c74] -> 0x00000000
M[0x00000c78] -> 0x00000000
M[0x00000c7c] -> 0x00000000
M[0x00000c80] -> 0x00000000
M[0x00000c84] -> 0x00000000
M[0x00000c88] -> 0x00000000
M[0x00000c8c] -> 0x00000000
M[0x00000c90] -> 0x00000000
M[0x00000c94] -> 0x00000000
M[0x00000c98] -> 0x00000000
M[0x00000c9c] -> 0x00000000
M[0x00000ca0] -> 0x00000000
M[0x00000ca4] -> 0x00000000
M[0x00000ca8] -> 0x00000000
M[0x00000cac] -> 0x00000000
M[0x00000cb0] -> 0x00000000
M[0x00000cb4] -> 0x00000000
M[0x00000cb8] -> 0x00000000
M[0x00000cbc] -> 0x00000000
M[0x00000cc0] -> 0x00000000
M[0x00000cc4] -> 0x00000000
M[0x00000cc8] -> 0x00000000
M[0x00000ccc] -> 0x00000000
M[0x00000cd0] -> 0x00000000
M[0x00000cd4] -> 0x00000000
M[0x00000cd8] -> 0x00000000
M[0x00000cdc] -> 0x00000000
M[0x00000ce0] -> 0x00000000
M[0x00000ce4] -> 0x00000000
M[0x00000ce8] -> 0x00000000
M[0x00000cec] -> 0x00000000
M[0x00000cf0] -> 0x00000000
M[0x00000cf4] -> 0x00000000
M[0x00000cf8] -> 0x00000000
M[0x00000cfc] -> 0x00000000
M[0x00000d00] -> 0x00000000
M[0x00000d04] -> 0x00000000
M[0x00000d08] -> 0x00000000
M[0x00000d0c] -> 0x00000000
M[0x00000d10] -> 0x00000000
M[0x00000d14] -> 0x00000000
M[0x00000d18] -> 0x00000000
M[0x00000d1c] -> 0x00000000
M[0x00000d20] -> 0x00000000
M[0x00000d24] -> 0x00000000
M[0x00000d28] -> 0x00000000
M[0x00000d2c] -> 0x00000000
M[0x00000d30] -> 0x00000000
M[0x00000d34] -> 0x00000000
M[0x00000d38] -> 0x00000000
M[0x00000d3c] -> 0x00000000
M[0x00000d40] -> 0x00000000
M[0x00000d44] -> 0x00000000
M[0x00000d48] -> 0x00000000
M[0x00000d4c] -> 0x00000000
M[0x00000d50] -> 0x00000000
M[0x00000d54] -> 0x00000000
M[0x00000d58] -> 0x00000000
M[0x00000d5c] -> 0x00000000
M[0x00000d60] -> 0x00000000
M[0x00000d64] -> 0x00000000
M[0x00000d68] -> 0x00000000
M[0x00000d6c] -> 0x00000000
M[0x00000d70] -> 0x00000000
M[0x00000d74] -> 0x00000000
M[0x00000d78] -> 0x00000000
M[0x00000d7c] -> 0x00000000
M[0x00000d80] -> 0x00000000
M[0x00000d84] -> 0x00000000
M[0x00000d88] -> 0x00000000
M[0x00000d8c] -> 0x00000000
M[0x00000d90] -> 0x00000000
M[0x00000d94] -> 0x00000000
M[0x00000d98] -> 0x00000000
M[0x00000d9c] -> 0x00000000
M[0x00000da0] -> 0x00000000
M[0x00000da4] -> 0x00000000
M[0x00000da8] -> 0x00000000
M[0x00000dac] -> 0x00000000
M[0x00000db0] -> 0x00000000
M[0x00000db4] -> 0x00000000
M[0x00000db8] -> 0x00000000
M[0x00000dbc] -> 0x00000000
M[0x00000dc0] -> 0x00000000
M[0x00000dc4] -> 0x00000000
M[0x00000dc8] -> 0x00000000
M[0x00000dcc] -> 0x00000000
M[0x00000dd0] -> 0x00000000
M[0x00000dd4] -> 0x00000000
M[0x00000dd8] -> 0x00000000
M[0x00000ddc] -> 0x00000000
M[0x00000de0] -> 0x00000000
M[0x00000de4] -> 0x00000000
M[0x00000de8] -> 0x00000000
M[0x00000dec] -> 0x00000000
M[0x00000df0] -> 0x00000000
M[0x00000df4] -> 0x00000000
M[0x00000df8] -> 0x00000000
M[0x00000dfc] -> 0x00000000
M[0x00000e00] -> 0x00000000
M[0x00000e04] -> 0x00000000
M[0x00000e08] -> 0x00000000
M[0x00000e0c] -> 0x00000000
M[0x00000e10] -> 0x00000000
M[0x00000e14] -> 0x00000000
M[0x00000e18] -> 0x00000000
M[0x00000e1c] -> 0x00000000
M[0x00000e20] -> 0x00000000
M[0x00000e24] -> 0x00000000
M[0x00000e28] -> 0x00000000
M[0x00000e2c] -> 0x00000000
M[0x00000e30] -> 0x00000000
M[0x00000e34] -> 0x00000000
M[0x00000e38] -> 0x00000000
M[0x00000e3c] -> 0x00000000
M[0x00000e40] -> 0x00000000
M[0x00000e44] -> 0x00000000
M[0x00000e48] -> 0x00000000
M[0x00000e4c] -> 0x00000000
M[0x00000e50] -> 0x00000000
M[0x00000e54] -> 0x00000000
M[0x00000e58] -> 0x00000000
M[0x00000e5c] -> 0x00000000
M[0x00000e60] -> 0x00000000
M[0x00000e64] -> 0x00000000
M[0x00000e68] -> 0x00000000
M[0x00000e6c] -> 0x00000000
M[0x00000e70] -> 0x00000000
M[0x00000e74] -> 0x00000000
M[0x00000e78] -> 0x00000000
M[0x00000e7c] -> 0x00000000
M[0x00000e80] -> 0x00000000
M[0x00000e84] -> 0x00000000
M[0x00000e88] -> 0x00000000
M[0x00000e8c] -> 0x00000000
M[0x00000e90] -> 0x00000000
M[0x00000e94] -> 0x00000000
M[0x00000e98] -> 0x00000000
M[0x00000e9c] -> 0x00000000
M[0x00000ea0] -> 0x00000000
M[0x00000ea4] -> 0x00000000
M[0x00000ea8] -> 0x00000000
M[0x00000eac] -> 0x00000000
M[0x00000eb0] -> 0x00000000
M[0x00000eb4] -> 0x00000000
M[0x00000eb8] -> 0x00000000
M[0x00000ebc] -> 0x00000000
M[0x00000ec0] -> 0x00000000
M[0x00000ec4] -> 0x00000000
M[0x00000ec8] -> 0x00000000
M[0x00000ecc] -> 0x00000000
M[0x00000ed0] -> 0x00000000
M[0x00000ed4] -> 0x00000000
M[0x00000ed8] -> 0x00000000
M[0x00000edc] -> 0x00000000
M[0x00000ee0] -> 0x00000000
M[0x00000ee4] -> 0x00000000
M[0x00000ee8] -> 0x00000000
M[0x00000eec] -> 0x00000000
M[0x00000ef0] -> 0x00000000
M[0x00000ef4] -> 0x00000000
M[0x00000ef8] -> 0x00000000
M[0x00000efc] -> 0x00000000
M[0x00000f00] -> 0x00000000
M[0x00000f04] -> 0x00000000
M[0x00000f08] -> 0x00000000
M[0x00000f0c] -> 0x00000000
M[0x00000f10] -> 0x00000000
M[0x00000f14] -> 0x00000000
M[0x00000f18] -> 0x00000000
M[0x00000f1c] -> 0x00000000
M[0x00000f20] -> 0x00000000
M[0x00000f24] -> 0x00000000
M[0x00000f28] -> 0x00000000
M[0x00000f2c] -> 0x00000000
M[0x00000f30] -> 0x00000000
M[0x00000f34] -> 0x00000000
M[0x00000f38] -> 0x00000000
M[0x00000f3c] -> 0x00000000
M[0x00000f40] -> 0x00000000
M[0x00000f44] -> 0x00000000
M[0x00000f48] -> 0x00000000
M[0x00000f4c] -> 0x00000000
M[0x00000f50] -> 0x00000000
M[0x00000f54] -> 0x00000000
M[0x00000f58] -> 0x00000000
M[0x00000f5c] -> 0x00000000
M[0x00000f60] -> 0x00000000
M[0x00000f64] -> 0x00000000
M[0x00000f68] -> 0x00000000
M[0x00000f6c] -> 0x00000000
M[0x00000f70] -> 0x00000000
M[0x00000f74] -> 0x00000000
M[0x00000f78] -> 0x00000000
M[0x00000f7c] -> 0x00000000
M[0x00000f80] -> 0x00000000
M[0x00000f84] -> 0x00000000
M[0x00000f88] -> 0x00000000
M[0x00000f8c] -> 0x00000000
M[0x00000f90] -> 0x00000000
M[0x00000f94] -> 0x00000000
M[0x00000f98] -> 0x00000000
M[0x00000f9c] -> 0x00000000
M[0x00000fa0] -> 0x00000000
M[0x00000fa4] -> 0x00000000
M[0x00000fa8] -> 0x00000000
M[0x00000fac] -> 0x00000000
M[0x00000fb0] -> 0x00000000
M[0x00000fb4] -> 0x00000000
M[0x00000fb8] -> 0x00000000
M[0x00000fbc] -> 0x00000000
M[0x00000fc0] -> 0x00000000
M[0x00000fc4] -> 0x00000000
M[0x00000fc8] -> 0x00000000
M[0x00000fcc] -> 0x00000000
M[0x00000fd0] -> 0x00000000
M[0x00000fd4] -> 0x00000000
M[0x00000fd8] -> 0x00000000
M[0x00000fdc] -> 0x00000000
M[0x00000fe0] -> 0x00000000
M[0x00000fe4] -> 0x00000000
M[0x00000fe8] -> 0x00000000
M[0x00000fec] -> 0x00000000
M[0x00000ff0] -> 0x00000000
M[0x00000ff4] -> 0x00000000
M[0x00000ff8] -> 0x00000000
Address reached 4092 (0xFFC). Stopping simulation.
tb.v:40: $finish called at 2058 (1s)
